=== environment ============================================
device        Tesla T4 (sm_75), 40 SMs, 64 KiB smem/SM
denominators  peak_gb_s=235.4  peak_tflops=8.130  (MEASURED, not spec)
ridge point   34.5 FLOP/byte -- below this a kernel is memory-bound
              spec-formula bandwidth for reference: 320.1 GB/s
build         MCKE_WITH_CUDA=1
============================================================

command       ./build/bin/mcke_gemm_bench 4096
versions      driver 13.0  runtime 12.8   (cuBLAS in PEDANTIC math mode -- no TF32)
clocks        NOT LOCKED (no root on Colab) -- see the drift check below
shape         M=4096 N=4096 K=4096   alpha=1 beta=0 (timed)
ideal         flops = 2*M*N*K = 1.374e+11   bytes = (MK+KN+MN)*4 = 2.013e+08
              AI = 682.7 FLOP/byte vs ridge 34.5 -- COMPUTE-bound
timing        5 warmup + 20 timed iterations, median and min
note          the GB/s column below is MEANINGLESS for a compute-bound
              kernel (compulsory bytes / time). Read TFLOP/s and %peak.
vec4          K%4=0 N%4=0 -> warptile_vec4 uses 128-bit loads

=== correctness: awkward shapes vs CPU reference ===========
              (only FAILURES are printed above; silence is success)
              tolerances are derived per-K: rel=4*sqrt(K)*eps, abs=k*eps*amax^2/2
validation    naive_uncoalesced beta=2     OK    (max_rel_err 0.00418 vs tol 8e-06 -- alpha=0.5 beta=2, read-modify-write)
validation    naive beta=2                 OK    (max_rel_err 0.00418 vs tol 8e-06 -- alpha=0.5 beta=2, read-modify-write)
validation    tiled_smem beta=2            OK    (max_rel_err 0.00418 vs tol 8e-06 -- alpha=0.5 beta=2, read-modify-write)
validation    tiled_regblock beta=2        OK    (max_rel_err 0.00418 vs tol 8e-06 -- alpha=0.5 beta=2, read-modify-write)
validation    warptile_nodbuf beta=2       OK    (max_rel_err 0.00418 vs tol 8e-06 -- alpha=0.5 beta=2, read-modify-write)
validation    warptile_dbuf beta=2         OK    (max_rel_err 0.00418 vs tol 8e-06 -- alpha=0.5 beta=2, read-modify-write)
validation    warptile_vec4 beta=2         OK    (max_rel_err 0.00418 vs tol 8e-06 -- alpha=0.5 beta=2, read-modify-write)
validation    cublas beta=2                OK    (max_rel_err 0.000715 vs tol 8e-06 -- alpha=0.5 beta=2, read-modify-write)

=== correctness at the benchmark shape ====================
spot-check    cublas   1024/1024 elements OK   max_abs 1.357e-04  max_rel 1.655e-04
validation    naive_uncoalesced            OK    (max_rel_err 0 vs tol 3e-05 -- vs cuBLAS at the benchmark shape)
validation    naive                        OK    (max_rel_err 0 vs tol 3e-05 -- vs cuBLAS at the benchmark shape)
validation    tiled_smem                   OK    (max_rel_err 0 vs tol 3e-05 -- vs cuBLAS at the benchmark shape)
validation    tiled_regblock               OK    (max_rel_err 0 vs tol 3e-05 -- vs cuBLAS at the benchmark shape)
validation    warptile_nodbuf              OK    (max_rel_err 0 vs tol 3e-05 -- vs cuBLAS at the benchmark shape)
validation    warptile_dbuf                OK    (max_rel_err 0 vs tol 3e-05 -- vs cuBLAS at the benchmark shape)
validation    warptile_vec4                OK    (max_rel_err 0 vs tol 3e-05 -- vs cuBLAS at the benchmark shape)

=== occupancy: hand-computed vs CUDA occupancy API =========
variant             regs   smem   spill     hand      api     occ%  binding limiter
naive_uncoalesced     32      0       0        4        4   100.0%  threads/SM cap
naive                 32      0       0        4        4   100.0%  threads/SM cap
tiled_smem            43   8192       0        1        1   100.0%  threads/SM cap (tied)
tiled_regblock       115   8320       0        2        2    50.0%  registers
warptile_nodbuf      115   8320       0        2        2    50.0%  registers
warptile_dbuf        128  16640       0        2        2    50.0%  registers
warptile_vec4        128  16640       0        2        2    50.0%  registers
cublas              (no attributes: gemm_kernel_attrs: cuBLAS's kernels are not ours to introspect; the ceiling row has no regs/smem column)

running       naive_uncoalesced  (SLOW: expect 2-3 minutes, ~25 launches)
running       naive              (SLOW: expect under 1 minutes, ~25 launches)

kernel                variant                           med_ms    min_ms      GB/s   TFLOP/s      AI     %peak  bound
---------------------------------------------------------------------------------------------------------------------
gemm                  cublas                            33.116    32.555       6.1     4.150  682.67     51.0%  compute
gemm                  naive_uncoalesced                 1143.7    1140.9       0.2     0.120  682.67      1.5%  compute
gemm                  naive                              343.4     341.8       0.6     0.400  682.67      4.9%  compute
gemm                  tiled_smem                         163.2     160.5       1.2     0.842  682.67     10.4%  compute
gemm                  tiled_regblock                      41.9      41.5       4.8     3.284  682.67     40.4%  compute
gemm                  warptile_nodbuf                     42.6      42.0       4.7     3.224  682.67     39.7%  compute
gemm                  warptile_dbuf                       42.0      41.6       4.8     3.275  682.67     40.3%  compute
gemm                  warptile_vec4                       39.7      39.4       5.1     3.462  682.67     42.6%  compute
gemm                  cublas_drift_recheck                37.1      36.1       5.4     3.708  682.67     45.6%  compute

=== thermal drift check ====================================
cublas first 33.116 ms, last 37.069 ms -> +11.9%  *** >3%: THE WHOLE TABLE IS DRIFTING, clocks moved during the run ***

=== modelled DRAM traffic (a MODEL, not a measurement) =====
variant               model bytes     vs ideal   note
naive_uncoalesced         5.5e+11      2730.7x
naive                     5.5e+11      2730.7x
tiled_smem               1.72e+10        85.3x
tiled_regblock           4.29e+09        21.3x
warptile_nodbuf          4.29e+09        21.3x
warptile_dbuf            4.29e+09        21.3x
warptile_vec4            4.29e+09        21.3x
This is the reuse story docs/PROFILING.md calls the most instructive
number in the project, and `ncu --metrics dram__bytes_read.sum` is what
turns it from a model into a measurement. Predict in advance: the naive
model implies 550 GB in ~343 ms = ~1601 GB/s, which is FOUR TIMES the
T4's DRAM peak -- physically impossible, so L1/L2 must already be
absorbing most of it. That impossibility is the prediction being tested.

=== step-by-step attribution ==============================
naive_uncoalesced  -> naive                3.33x     1.5% ->   4.9% of peak   [thread->output transpose (coalescing)]
naive              -> tiled_smem           2.10x     4.9% ->  10.4% of peak   [shared-memory staging]
tiled_smem         -> tiled_regblock       3.90x    10.4% ->  40.4% of peak   [register blocking]
tiled_regblock     -> warptile_nodbuf      0.98x    40.4% ->  39.7% of peak   [lane->output permutation]
warptile_nodbuf    -> warptile_dbuf        1.02x    39.7% ->  40.3% of peak   [double-buffered smem]
warptile_dbuf      -> warptile_vec4        1.06x    40.3% ->  42.6% of peak   [float4 global->smem loads]
warptile_vec4      -> cublas               1.20x    42.6% ->  51.0% of peak   [THE REMAINING GAP]

wrote phase3_gemm.csv
