=== environment ============================================
device        Tesla V100-SXM2-32GB (sm_70), 80 SMs, 96 KiB smem/SM
denominators  peak_gb_s=634.2  peak_tflops=15.603  (MEASURED, not spec)
ridge point   24.6 FLOP/byte -- below this a kernel is memory-bound
              spec-formula bandwidth for reference: 898.0 GB/s
build         MCKE_WITH_CUDA=1
============================================================

shapes        A = 8192 x 4096 (saturated, 51 waves)   B = 64 x 524288 (starved, 0.4 waves)
ideal bytes   134250496 (128.03 MiB), identical for all variants
two-pass split  shape A: 1   shape B: 3

=== correctness (shape A, before timing) ===================
validation    sum/smem_tree_256t           OK    (max_rel_err 0.000594 vs tol 1e-05 -- sqrt(4096)*f32 eps, term-magnitude absolute floor)
validation    mean/smem_tree_256t          OK    (max_rel_err 0.000594 vs tol 1e-05 -- as sum, plus one divide)
validation    max/smem_tree_256t           OK    (max_rel_err 0 vs tol 0e+00 -- selection, not arithmetic: bit-exact)
validation    sum/warp_shuffle_256t        OK    (max_rel_err 0.000764 vs tol 1e-05 -- sqrt(4096)*f32 eps, term-magnitude absolute floor)
validation    mean/warp_shuffle_256t       OK    (max_rel_err 0.000764 vs tol 1e-05 -- as sum, plus one divide)
validation    max/warp_shuffle_256t        OK    (max_rel_err 0 vs tol 0e+00 -- selection, not arithmetic: bit-exact)
validation    sum/two_pass_256t            OK    (max_rel_err 0.000764 vs tol 1e-05 -- sqrt(4096)*f32 eps, term-magnitude absolute floor)
validation    mean/two_pass_256t           OK    (max_rel_err 0.000764 vs tol 1e-05 -- as sum, plus one divide)
validation    max/two_pass_256t            OK    (max_rel_err 0 vs tol 0e+00 -- selection, not arithmetic: bit-exact)
validation    reject/no_workspace          OK    (7-arg form must refuse kTwoPass)

kernel                variant                           med_ms    min_ms      GB/s   TFLOP/s      AI     %peak  bound
---------------------------------------------------------------------------------------------------------------------
row_reduce_sum        smem_tree_256t                     0.183     0.183     732.4     0.183    0.25    115.5%  memory
row_reduce_max        smem_tree_256t                     0.184     0.183     728.4     0.182    0.25    114.8%  memory
row_reduce_mean       smem_tree_256t                     0.184     0.183     728.4     0.182    0.25    114.8%  memory
row_reduce_sum        warp_shuffle_256t                  0.181     0.180     740.7     0.185    0.25    116.8%  memory
row_reduce_max        warp_shuffle_256t                  0.181     0.181     740.7     0.185    0.25    116.8%  memory
row_reduce_mean       warp_shuffle_256t                  0.181     0.180     740.7     0.185    0.25    116.8%  memory
row_reduce_sum        two_pass_256t                      0.174     0.173     771.2     0.193    0.25    121.6%  memory
row_reduce_sum        warp_shuffle_256t_starved          0.784     0.776     171.1     0.043    0.25     27.0%  memory
row_reduce_sum        two_pass_256t_starved              0.188     0.186     712.3     0.178    0.25    112.3%  memory

=== tree vs shuffle (RESULTS.md section 3b) ================
  sum   tree 0.183 ms (732.4 GB/s, 9 barriers)   shuffle 0.181 ms (740.7 GB/s, 1 barrier)   +1.1%
  max   tree 0.184 ms (728.4 GB/s, 9 barriers)   shuffle 0.181 ms (740.7 GB/s, 1 barrier)   +1.7%
  mean  tree 0.184 ms (728.4 GB/s, 9 barriers)   shuffle 0.181 ms (740.7 GB/s, 1 barrier)   +1.7%
  PREDICTION was 10-30%. Note the CEILING: both variants move the
  same 128.0 MiB and DRAM is the wall, so if the tree already reaches
  115% of 634.2 GB/s the maximum possible win is only -15%.

=== two-pass: saturated vs starved =========================
  8192x4096  shuffle 0.181 ms   two_pass 0.174 ms   -4.0%  (predicted two_pass 1-3% SLOWER)
  64x524288  shuffle 0.784 ms   two_pass 0.188 ms   4.16x  (predicted two_pass 3-10x FASTER)
  Same N and the same ideal byte count in both rows -- only the
  row/column split changes, so this isolates the mapping and nothing else.

wrote phase3_reduce.csv
